fsa afdsa fs fdsa  fsad afdsa fs fdsa  fsad afdsa fs fdsa  fsad afdsa fs fdsa  fsad afdsa fs fdsa  fsad afdsa fs fdsa  fsad afdsa fs fdsa  fsad afdsa fs fdsa  fsad afdsa fs fdsa  fsad afdsa fs fdsa  fsad afdsa fs fdsa  fsad afdsa fs fdsa  fsad afdsa fs fdsa  fsad afdsa fs fdsa  fsad afdsa fs fdsa  fsad afdsa fs fdsa  fsad afdsa fs fdsa  fsad afdsa fs fdsa  fsad afdsa fs fdsa  fsad afdsa fs fdsa  fsad afdsa fs fdsa  fsad afdsa fs fdsa  fsad afdsa fs fdsa  fsad afdsa fs fdsa  fsad afdsa fs fdsa  fsad afdsa fs fdsa  fsad afdsa fs fdsa  fsad afdsa fs fdsa  fsad afdsa fs fdsa  fsad afdsa fs fdsa  fsad afdsa fs fdsa  fsad afdsa fs fdsa  fsad afdsa fs fdsa  fsad afdsa fs fdsa  fsad afdsa fs fdsa  fsad afdsa fs fdsa  fsad afdsa fs fdsa  fsad afdsa fs fdsa  fsad afdsa fs fdsa  fsad afdsa fs fdsa  d

