  d fd akfdsds12 3423,s!dh;jkf/ hqadsa?hfdks  d fd akfdsds12 3423,s!dh;jkf/ hqadsa?hfdks  d fd akfdsds12 3423,s!dh;jkf/ hqadsa?hfdks  d fd akfdsds12 3423,s!dh;jkf/ hqadsa?hfdks  d fd akfdsds12 3423,s!dh;jkf/ hqadsa?hfdks  d fd akfdsds12 3423,s!dh;jkf/ hqadsa?hfdks  d fd akfdsds12 3423,s!dh;jkf/ hqadsa?hfdks  d fd akfdsds12 3423,s!dh;jkf/ hqadsa?hfdks  d fd akfdsds12 3423,s!dh;jkf/ hqadsa?hfdks  d fd akfdsds12 3423,s!dh;jkf/ hqadsa?hfdks

