/dfhajdsf ajdm&&^(&i;j lkdjfadaj6454$&7)& *B*&SA8790uqe qr94-9q7rru2342985 woou upw98reuHHIUHOUHreptwrjgwe rgrgpifuvps98d74372862u45^&^%(D8niapid pfasdpifuapsfdua8sd/
[DfHaJdSf aJdM&&^(&I;J LkDjFaDaJ6454$&7)& *B*&sA8790uQe qR94-9q7rRu2342985 WoOu uPw98ReUhHiUhOuHrEpTwRjGwE RgRgPiFuVpS98d74372862U45^&^%(D8NiApId pFaSdPiFuApSfDuA8Sd]
